t ./... -v
